04.08.2026 14:07,a,income,1000,aaa
04.08.2026 14:07,a,expense,800,aaa
04.08.2026 14:07,b,income,400,bbb
04.08.2026 14:07,b,expense,300,bbb
04.08.2026 14:08,c,expense,200,ccc
11.08.2026 05:04,c,income,100,ccc
11.08.2026 15:30,Еда,expense,500,Продукты
10.08.2026 18:20,Транспорт,expense,350,Такси
05.08.2026 12:00,Зарплата,income,80000,Зарплата
11.08.2026 15:30,Еда,expense,500,Продукты
10.08.2026 18:20,Транспорт,expense,350,Такси
05.08.2026 12:00,Зарплата,income,80000,Зарплата
